warning: patch `gcoms-addon-example v0.1.0 (/gchat-work/owner-role-release-01/pair-02/inputs/gcoms/examples/typed-addon)` was not used in the crate graph
warning: patch `gcoms-catalog v0.1.0 (/gchat-work/owner-role-release-01/pair-02/inputs/gcoms/crates/catalog)` was not used in the crate graph
warning: patch `gcoms-conformance v0.1.0 (/gchat-work/owner-role-release-01/pair-02/inputs/gcoms/crates/conformance)` was not used in the crate graph
warning: patch `gcoms-fuzz v0.1.0 (/gchat-work/owner-role-release-01/pair-02/inputs/gcoms/crates/fuzz)` was not used in the crate graph
warning: patch `gcoms-renamed-dependency-check v0.1.0 (/gchat-work/owner-role-release-01/pair-02/inputs/gcoms/examples/renamed-dependency)` was not used in the crate graph
warning: patch `gcoms-sim v0.1.0 (/gchat-work/owner-role-release-01/pair-02/inputs/gcoms/crates/sim)` was not used in the crate graph
help: Check that the patched package version and available features are compatible
      with the dependency requirements. If the patch has a different version from
      what is locked in the Cargo.lock file, run `cargo update` to use the new
      version. This may also occur with an optional dependency that is not enabled.
    Checking gcoms-core v0.1.0 (/gchat-work/owner-role-release-01/pair-02/inputs/gcoms/crates/core)
    Checking gcoms-crypto v0.1.0 (/gchat-work/owner-role-release-01/pair-02/inputs/gcoms/crates/crypto)
    Checking gcoms-private-fs v0.1.0 (/gchat-work/owner-role-release-01/pair-02/inputs/gcoms/crates/private-fs)
    Checking gcoms-gossip v0.1.0 (/gchat-work/owner-role-release-01/pair-02/inputs/gcoms/crates/gossip)
    Checking gcoms-rpc-contract v0.1.0 (/gchat-work/owner-role-release-01/pair-02/inputs/gcoms/crates/rpc-contract)
   Compiling gchat-tui v0.1.0 (/gchat-work/owner-role-release-01/pair-02/inputs/gchat/crates/tui)
    Checking gcoms-transport v0.1.0 (/gchat-work/owner-role-release-01/pair-02/inputs/gcoms/crates/transport)
    Checking gcoms-file-transfer v0.1.0 (/gchat-work/owner-role-release-01/pair-02/inputs/gcoms/crates/file-transfer)
    Checking gcoms-network v0.1.0 (/gchat-work/owner-role-release-01/pair-02/inputs/gcoms/crates/network)
    Checking gcoms-mls v0.1.0 (/gchat-work/owner-role-release-01/pair-02/inputs/gcoms/crates/mls)
    Checking gcoms-protocol v0.1.0 (/gchat-work/owner-role-release-01/pair-02/inputs/gcoms/crates/protocol)
    Checking gcoms-routing v0.1.0 (/gchat-work/owner-role-release-01/pair-02/inputs/gcoms/crates/routing)
    Checking gcoms-network-client v0.1.0 (/gchat-work/owner-role-release-01/pair-02/inputs/gcoms/crates/network-client)
    Checking gcoms-node v0.1.0 (/gchat-work/owner-role-release-01/pair-02/inputs/gcoms/crates/node)
    Checking gcoms-sdk v0.1.0 (/gchat-work/owner-role-release-01/pair-02/inputs/gcoms/crates/sdk)
    Checking gcoms-rpc v0.1.0 (/gchat-work/owner-role-release-01/pair-02/inputs/gcoms/crates/rpc)
    Checking gcoms-runtime v0.1.0 (/gchat-work/owner-role-release-01/pair-02/inputs/gcoms/crates/runtime)
    Checking gcoms v0.1.0 (/gchat-work/owner-role-release-01/pair-02/inputs/gcoms/crates/application)
    Checking gchat-api v0.1.0 (/gchat-work/owner-role-release-01/pair-02/inputs/gchat/crates/chat-api)
    Checking gchat-core v0.1.0 (/gchat-work/owner-role-release-01/pair-02/inputs/gchat/crates/core)
    Finished `dev` profile [unoptimized] target(s) in 32.58s
